// Jest Snapshot v1, https://goo.gl/fbAQLP

exports[`PersonCard renders correctly 1`] = `
<a
  className="sc-AxmLO dLyVYA"
  href="/author/undefined"
>
  <div
    className="sc-fzozJi geTWwZ"
  >
    <div
      className=" gatsby-image-wrapper"
      style={
        Object {
          "maxHeight": null,
          "maxWidth": null,
          "overflow": "hidden",
          "position": "relative",
        }
      }
    >
      <div
        aria-hidden={true}
        style={
          Object {
            "paddingBottom": "NaN%",
            "width": "100%",
          }
        }
      />
      <picture>
        <source />
        <img
          alt="1234556789"
          loading="lazy"
          onLoad={[Function]}
          style={
            Object {
              "height": "100%",
              "left": 0,
              "objectFit": "cover",
              "objectPosition": "center",
              "opacity": 0,
              "position": "absolute",
              "top": 0,
              "transition": "opacity 500ms",
              "width": "100%",
            }
          }
        />
      </picture>
      <noscript
        dangerouslySetInnerHTML={
          Object {
            "__html": "<picture><source srcset=\\"undefined\\" /><img loading=\\"lazy\\" src=\\"\\" alt=\\"1234556789\\" style=\\"position:absolute;top:0;left:0;opacity:1;width:100%;height:100%;object-fit:cover;object-position:center\\"/></picture>",
          }
        }
      />
    </div>
  </div>
  <div
    className="sc-fzoLsD jezVAk"
  >
    <h3
      className="sc-fznyAO hlQiAB"
    >
      1234556789
    </h3>
    <div
      className="sc-fzplWN ckjgcB"
    >
      <div
        className="sc-fzpans dtPbUO"
      >
        Some title
      </div>
    </div>
  </div>
</a>
`;
