// Jest Snapshot v1, https://goo.gl/fbAQLP

exports[`TagFilter renders correctly 1`] = `
<ul
  className="sc-fzokOt fUljbT"
>
  <li
    className="sc-fznZeY fLrtke"
  >
    <a
      className="sc-fznKkj iyxlmx"
      href="/tags"
    >
      All Tags
    </a>
  </li>
</ul>
`;
