// Jest Snapshot v1, https://goo.gl/fbAQLP

exports[`Header renders correctly 1`] = `
<header
  className="sc-fzozJi gqHnIz"
>
  <div
    className="sc-AxmLO gcuFyo"
  >
    <a
      href="/"
      hrefLang="en"
      onClick={[Function]}
      title="Nyxo"
    >
      Nyxo
    </a>
  </div>
  <ul
    className="sc-fzoLsD blWHQo"
  >
    <li
      className="sc-fzpans kcuntJ"
    >
      <a
        className="sc-fzplWN epmMss"
        href="/for-you"
        hrefLang="en"
        onClick={[Function]}
      >
        NAVIGATION.YOU
      </a>
    </li>
    <li
      className="sc-fzpans kcuntJ"
    >
      <a
        className="sc-fzplWN epmMss"
        href="/for-organizations"
        hrefLang="en"
        onClick={[Function]}
      >
        NAVIGATION.ORGANIZATIONS
      </a>
    </li>
    <li
      className="sc-fzpans kcuntJ"
    >
      <a
        className="sc-fzplWN epmMss"
        href="/coaching"
        hrefLang="en"
        onClick={[Function]}
      >
        NAVIGATION.COACHING
      </a>
    </li>
    <li
      className="sc-fzpans kcuntJ"
    >
      <a
        className="sc-fzplWN epmMss"
        href="/blog"
        hrefLang="en"
        onClick={[Function]}
      >
        NAVIGATION.BLOG
      </a>
    </li>
    <li
      className="sc-fzpans kcuntJ"
    >
      <a
        className="sc-fznyAO buHYWS"
        href="/me/login"
      >
        NAVIGATION.LOGIN
      </a>
    </li>
  </ul>
</header>
`;
