// Jest Snapshot v1, https://goo.gl/fbAQLP

exports[`Icons renders correctly 1`] = `
<svg
  className="sc-bdnylx LxIqb"
  fill="none"
  height="50px"
  stroke="#333"
  strokeLinecap="round"
  strokeWidth="1.5"
  version="1.1"
  viewBox="0 0 30 30"
  width="50px"
  xmlns="http://www.w3.org/2000/svg"
>
  <g>
    <path
      d="M 12,7.5c2.485,0,4.5,2.015,4.5,4.5s-2.015,4.5-4.5,4.5S7.5,14.485,7.5,12S9.515,7.5,12,7.5z "
    />
    <path
      d="M 12,0.75V4.5 "
    />
    <path
      d="M 12,19.5v3.75 "
    />
    <path
      d="M 23.25,12H19.5 "
    />
    <path
      d="M 4.5,12H0.75 "
    />
    <path
      d="M 20.25,3.75l-3,3 "
    />
    <path
      d="M 6.75,17.25l-3,3 "
    />
    <path
      d="M 20.25,20.25l-3-3 "
    />
    <path
      d="M 6.75,6.75l-3-3"
    />
  </g>
</svg>
`;
