// Jest Snapshot v1, https://goo.gl/fbAQLP

exports[`SharePage renders correctly 1`] = `
<div
  className="sc-gtssRu kkwQhv"
>
  <div
    className="sc-dlnjPT hujsBX"
  />
  <p
    className="sc-hKFyIo imRXgX"
  >
    Share this lesson:
  </p>
  <button
    aria-label="email"
    className="react-share__ShareButton sc-eCApGN dNxEMd"
    onClick={[Function]}
    style={
      Object {
        "backgroundColor": "transparent",
        "border": "none",
        "color": "inherit",
        "cursor": "pointer",
        "font": "inherit",
        "padding": 0,
      }
    }
  >
    <svg
      className="sc-bdnylx LxIqb"
      fill="none"
      height="30px"
      stroke="#333"
      strokeLinecap="round"
      strokeWidth="1.5"
      version="1.1"
      viewBox="0 0 30 30"
      width="30px"
      xmlns="http://www.w3.org/2000/svg"
    />
  </button>
  <button
    aria-label="linkedin"
    className="react-share__ShareButton sc-jSFkmK fdqWOx"
    onClick={[Function]}
    style={
      Object {
        "backgroundColor": "transparent",
        "border": "none",
        "color": "inherit",
        "cursor": "pointer",
        "font": "inherit",
        "padding": 0,
      }
    }
  >
    <svg
      className="sc-bdnylx LxIqb"
      fill="none"
      height="30px"
      stroke="#333"
      strokeLinecap="round"
      strokeWidth="1.5"
      version="1.1"
      viewBox="0 0 30 30"
      width="30px"
      xmlns="http://www.w3.org/2000/svg"
    />
  </button>
  <button
    aria-label="facebook"
    className="react-share__ShareButton sc-gKAblj hCOhTy"
    onClick={[Function]}
    style={
      Object {
        "backgroundColor": "transparent",
        "border": "none",
        "color": "inherit",
        "cursor": "pointer",
        "font": "inherit",
        "padding": 0,
      }
    }
  >
    <svg
      className="sc-bdnylx LxIqb"
      fill="none"
      height="30px"
      stroke="#333"
      strokeLinecap="round"
      strokeWidth="1.5"
      version="1.1"
      viewBox="0 0 30 30"
      width="30px"
      xmlns="http://www.w3.org/2000/svg"
    />
  </button>
  <button
    aria-label="twitter"
    className="react-share__ShareButton sc-iCoHVE kReqGE"
    onClick={[Function]}
    style={
      Object {
        "backgroundColor": "transparent",
        "border": "none",
        "color": "inherit",
        "cursor": "pointer",
        "font": "inherit",
        "padding": 0,
      }
    }
  >
    <svg
      className="sc-bdnylx LxIqb"
      fill="none"
      height="30px"
      stroke="#333"
      strokeLinecap="round"
      strokeWidth="1.5"
      version="1.1"
      viewBox="0 0 30 30"
      width="30px"
      xmlns="http://www.w3.org/2000/svg"
    />
  </button>
</div>
`;
